[2020-12-09T11:54:02.785+0300][10ms] Heap region size: 1M
[2020-12-09T11:54:02.798+0300][23ms] Using G1
[2020-12-09T11:54:02.798+0300][23ms] Heap address: 0x00000007ae800000, size: 1304 MB, Compressed Oops mode: Zero based, Oop shift amount: 3
[2020-12-09T11:54:04.138+0300][1363ms] GC(0) Pause Young (Normal) (GCLocker Initiated GC)
[2020-12-09T11:54:04.138+0300][1363ms] GC(0) Using 10 workers of 10 for evacuation
[2020-12-09T11:54:04.147+0300][1372ms] GC(0)   Pre Evacuate Collection Set: 0.0ms
[2020-12-09T11:54:04.147+0300][1372ms] GC(0)   Evacuate Collection Set: 7.1ms
[2020-12-09T11:54:04.147+0300][1372ms] GC(0)   Post Evacuate Collection Set: 1.3ms
[2020-12-09T11:54:04.147+0300][1372ms] GC(0)   Other: 0.7ms
[2020-12-09T11:54:04.147+0300][1372ms] GC(0) Eden regions: 65->0(56)
[2020-12-09T11:54:04.147+0300][1372ms] GC(0) Survivor regions: 0->9(9)
[2020-12-09T11:54:04.147+0300][1372ms] GC(0) Old regions: 0->1
[2020-12-09T11:54:04.147+0300][1372ms] GC(0) Humongous regions: 0->0
[2020-12-09T11:54:04.147+0300][1372ms] GC(0) Metaspace: 26520K->26520K(280576K)
[2020-12-09T11:54:04.147+0300][1372ms] GC(0) Pause Young (Normal) (GCLocker Initiated GC) 65M->9M(1304M) 9.289ms
[2020-12-09T11:54:04.147+0300][1372ms] GC(0) User=0.08s Sys=0.01s Real=0.01s
[2020-12-09T11:54:04.192+0300][1417ms] GC(1) Pause Young (Normal) (G1 Evacuation Pause)
[2020-12-09T11:54:04.192+0300][1417ms] GC(1) Using 10 workers of 10 for evacuation
[2020-12-09T11:54:04.204+0300][1429ms] GC(1)   Pre Evacuate Collection Set: 0.0ms
[2020-12-09T11:54:04.204+0300][1429ms] GC(1)   Evacuate Collection Set: 10.5ms
[2020-12-09T11:54:04.204+0300][1429ms] GC(1)   Post Evacuate Collection Set: 1.2ms
[2020-12-09T11:54:04.204+0300][1429ms] GC(1)   Other: 0.2ms
[2020-12-09T11:54:04.204+0300][1429ms] GC(1) Eden regions: 56->0(101)
[2020-12-09T11:54:04.204+0300][1429ms] GC(1) Survivor regions: 9->7(9)
[2020-12-09T11:54:04.204+0300][1429ms] GC(1) Old regions: 1->9
[2020-12-09T11:54:04.204+0300][1429ms] GC(1) Humongous regions: 1->1
[2020-12-09T11:54:04.204+0300][1429ms] GC(1) Metaspace: 26898K->26898K(280576K)
[2020-12-09T11:54:04.204+0300][1429ms] GC(1) Pause Young (Normal) (G1 Evacuation Pause) 66M->16M(1304M) 11.910ms
[2020-12-09T11:54:04.204+0300][1429ms] GC(1) User=0.08s Sys=0.01s Real=0.01s
[2020-12-09T11:54:04.573+0300][1798ms] GC(2) Pause Young (Normal) (G1 Evacuation Pause)
[2020-12-09T11:54:04.573+0300][1798ms] GC(2) Using 10 workers of 10 for evacuation
[2020-12-09T11:54:04.579+0300][1804ms] GC(2)   Pre Evacuate Collection Set: 0.0ms
[2020-12-09T11:54:04.579+0300][1804ms] GC(2)   Evacuate Collection Set: 6.0ms
[2020-12-09T11:54:04.579+0300][1804ms] GC(2)   Post Evacuate Collection Set: 0.6ms
[2020-12-09T11:54:04.579+0300][1804ms] GC(2)   Other: 0.2ms
[2020-12-09T11:54:04.579+0300][1804ms] GC(2) Eden regions: 101->0(128)
[2020-12-09T11:54:04.579+0300][1804ms] GC(2) Survivor regions: 7->12(14)
[2020-12-09T11:54:04.579+0300][1804ms] GC(2) Old regions: 9->9
[2020-12-09T11:54:04.579+0300][1804ms] GC(2) Humongous regions: 1->1
[2020-12-09T11:54:04.579+0300][1804ms] GC(2) Metaspace: 34997K->34997K(288768K)
[2020-12-09T11:54:04.580+0300][1805ms] GC(2) Pause Young (Normal) (G1 Evacuation Pause) 117M->21M(1304M) 6.987ms
[2020-12-09T11:54:04.580+0300][1805ms] GC(2) User=0.05s Sys=0.02s Real=0.01s
[2020-12-09T11:54:05.301+0300][2526ms] GC(3) Pause Young (Normal) (G1 Evacuation Pause)
[2020-12-09T11:54:05.301+0300][2526ms] GC(3) Using 10 workers of 10 for evacuation
[2020-12-09T11:54:05.314+0300][2539ms] GC(3)   Pre Evacuate Collection Set: 0.0ms
[2020-12-09T11:54:05.314+0300][2539ms] GC(3)   Evacuate Collection Set: 11.1ms
[2020-12-09T11:54:05.314+0300][2539ms] GC(3)   Post Evacuate Collection Set: 0.9ms
[2020-12-09T11:54:05.314+0300][2539ms] GC(3)   Other: 0.2ms
[2020-12-09T11:54:05.314+0300][2539ms] GC(3) Eden regions: 128->0(764)
[2020-12-09T11:54:05.314+0300][2539ms] GC(3) Survivor regions: 12->18(18)
[2020-12-09T11:54:05.314+0300][2539ms] GC(3) Old regions: 9->14
[2020-12-09T11:54:05.314+0300][2539ms] GC(3) Humongous regions: 1->1
[2020-12-09T11:54:05.314+0300][2539ms] GC(3) Metaspace: 52411K->52411K(305152K)
[2020-12-09T11:54:05.314+0300][2539ms] GC(3) Pause Young (Normal) (G1 Evacuation Pause) 149M->32M(1304M) 12.408ms
[2020-12-09T11:54:05.314+0300][2539ms] GC(3) User=0.10s Sys=0.03s Real=0.01s
[2020-12-09T11:54:09.237+0300][6462ms] GC(4) Pause Young (Concurrent Start) (Metadata GC Threshold)
[2020-12-09T11:54:09.237+0300][6462ms] GC(4) Using 10 workers of 10 for evacuation
[2020-12-09T11:54:09.259+0300][6484ms] GC(4)   Pre Evacuate Collection Set: 0.1ms
[2020-12-09T11:54:09.259+0300][6484ms] GC(4)   Evacuate Collection Set: 19.6ms
[2020-12-09T11:54:09.259+0300][6484ms] GC(4)   Post Evacuate Collection Set: 1.5ms
[2020-12-09T11:54:09.259+0300][6484ms] GC(4)   Other: 0.3ms
[2020-12-09T11:54:09.259+0300][6484ms] GC(4) Eden regions: 181->0(207)
[2020-12-09T11:54:09.259+0300][6484ms] GC(4) Survivor regions: 18->35(98)
[2020-12-09T11:54:09.259+0300][6484ms] GC(4) Old regions: 14->14
[2020-12-09T11:54:09.259+0300][6484ms] GC(4) Humongous regions: 1->1
[2020-12-09T11:54:09.259+0300][6484ms] GC(4) Metaspace: 89246K->89246K(339968K)
[2020-12-09T11:54:09.259+0300][6484ms] GC(4) Pause Young (Concurrent Start) (Metadata GC Threshold) 213M->48M(1304M) 21.584ms
[2020-12-09T11:54:09.259+0300][6484ms] GC(4) User=0.11s Sys=0.03s Real=0.02s
[2020-12-09T11:54:09.259+0300][6484ms] GC(5) Concurrent Cycle
[2020-12-09T11:54:09.259+0300][6484ms] GC(5) Concurrent Clear Claimed Marks
[2020-12-09T11:54:09.259+0300][6484ms] GC(5) Concurrent Clear Claimed Marks 0.139ms
[2020-12-09T11:54:09.259+0300][6484ms] GC(5) Concurrent Scan Root Regions
[2020-12-09T11:54:09.271+0300][6496ms] GC(5) Concurrent Scan Root Regions 12.035ms
[2020-12-09T11:54:09.271+0300][6496ms] GC(5) Concurrent Mark (6.496s)
[2020-12-09T11:54:09.271+0300][6496ms] GC(5) Concurrent Mark From Roots
[2020-12-09T11:54:09.271+0300][6496ms] GC(5) Using 3 workers of 3 for marking
[2020-12-09T11:54:09.277+0300][6502ms] GC(5) Concurrent Mark From Roots 5.749ms
[2020-12-09T11:54:09.277+0300][6502ms] GC(5) Concurrent Preclean
[2020-12-09T11:54:09.277+0300][6502ms] GC(5) Concurrent Preclean 0.071ms
[2020-12-09T11:54:09.277+0300][6502ms] GC(5) Concurrent Mark (6.496s, 6.502s) 5.874ms
[2020-12-09T11:54:09.277+0300][6502ms] GC(5) Pause Remark
[2020-12-09T11:54:09.285+0300][6510ms] GC(5) Cleaned string and symbol table, strings: 42027 processed, 14 removed, symbols: 239259 processed, 250 removed
[2020-12-09T11:54:09.285+0300][6510ms] GC(5) Pause Remark 51M->51M(1304M) 8.010ms
[2020-12-09T11:54:09.285+0300][6510ms] GC(5) User=0.04s Sys=0.00s Real=0.01s
[2020-12-09T11:54:09.285+0300][6510ms] GC(5) Concurrent Rebuild Remembered Sets
[2020-12-09T11:54:09.290+0300][6515ms] GC(5) Concurrent Rebuild Remembered Sets 4.488ms
[2020-12-09T11:54:09.290+0300][6515ms] GC(5) Pause Cleanup
[2020-12-09T11:54:09.290+0300][6515ms] GC(5) Pause Cleanup 51M->51M(1304M) 0.154ms
[2020-12-09T11:54:09.290+0300][6515ms] GC(5) User=0.00s Sys=0.00s Real=0.00s
[2020-12-09T11:54:09.290+0300][6515ms] GC(5) Concurrent Cleanup for Next Mark
[2020-12-09T11:54:09.298+0300][6523ms] GC(5) Concurrent Cleanup for Next Mark 7.808ms
[2020-12-09T11:54:09.298+0300][6523ms] GC(5) Concurrent Cycle 39.211ms
[2020-12-09T11:59:25.835+0300][323060ms] GC(6) Pause Young (Concurrent Start) (G1 Evacuation Pause)
[2020-12-09T11:59:25.835+0300][323060ms] GC(6) Using 10 workers of 10 for evacuation
[2020-12-09T11:59:25.877+0300][323102ms] GC(6)   Pre Evacuate Collection Set: 0.2ms
[2020-12-09T11:59:25.877+0300][323102ms] GC(6)   Evacuate Collection Set: 40.4ms
[2020-12-09T11:59:25.877+0300][323102ms] GC(6)   Post Evacuate Collection Set: 1.8ms
[2020-12-09T11:59:25.878+0300][323103ms] GC(6)   Other: 0.4ms
[2020-12-09T11:59:25.878+0300][323103ms] GC(6) Eden regions: 187->0(379)
[2020-12-09T11:59:25.878+0300][323103ms] GC(6) Survivor regions: 35->12(28)
[2020-12-09T11:59:25.878+0300][323103ms] GC(6) Old regions: 14->44
[2020-12-09T11:59:25.878+0300][323103ms] GC(6) Humongous regions: 18->18
[2020-12-09T11:59:25.878+0300][323103ms] GC(6) Metaspace: 102943K->102943K(352256K)
[2020-12-09T11:59:25.878+0300][323103ms] GC(6) Pause Young (Concurrent Start) (G1 Evacuation Pause) 252M->73M(1304M) 42.895ms
[2020-12-09T11:59:25.878+0300][323103ms] GC(6) User=0.14s Sys=0.09s Real=0.04s
[2020-12-09T11:59:25.878+0300][323103ms] GC(7) Concurrent Cycle
[2020-12-09T11:59:25.878+0300][323103ms] GC(7) Concurrent Clear Claimed Marks
[2020-12-09T11:59:25.878+0300][323103ms] GC(7) Concurrent Clear Claimed Marks 0.176ms
[2020-12-09T11:59:25.878+0300][323103ms] GC(7) Concurrent Scan Root Regions
[2020-12-09T11:59:25.881+0300][323106ms] GC(7) Concurrent Scan Root Regions 3.172ms
[2020-12-09T11:59:25.881+0300][323106ms] GC(7) Concurrent Mark (323.104s)
[2020-12-09T11:59:25.881+0300][323106ms] GC(7) Concurrent Mark From Roots
[2020-12-09T11:59:25.881+0300][323106ms] GC(7) Using 3 workers of 3 for marking
[2020-12-09T11:59:25.905+0300][323130ms] GC(7) Concurrent Mark From Roots 23.725ms
[2020-12-09T11:59:25.905+0300][323130ms] GC(7) Concurrent Preclean
[2020-12-09T11:59:25.905+0300][323130ms] GC(7) Concurrent Preclean 0.178ms
[2020-12-09T11:59:25.905+0300][323130ms] GC(7) Concurrent Mark (323.104s, 323.128s) 23.966ms
[2020-12-09T11:59:25.905+0300][323130ms] GC(7) Pause Remark
[2020-12-09T11:59:25.917+0300][323142ms] GC(7) Cleaned string and symbol table, strings: 47675 processed, 0 removed, symbols: 265571 processed, 72 removed
[2020-12-09T11:59:25.917+0300][323142ms] GC(7) Pause Remark 74M->74M(1304M) 11.943ms
[2020-12-09T11:59:25.917+0300][323142ms] GC(7) User=0.05s Sys=0.00s Real=0.01s
[2020-12-09T11:59:25.917+0300][323142ms] GC(7) Concurrent Rebuild Remembered Sets
[2020-12-09T11:59:25.935+0300][323160ms] GC(7) Concurrent Rebuild Remembered Sets 17.699ms
[2020-12-09T11:59:25.935+0300][323160ms] GC(7) Pause Cleanup
[2020-12-09T11:59:25.935+0300][323160ms] GC(7) Pause Cleanup 74M->74M(1304M) 0.169ms
[2020-12-09T11:59:25.935+0300][323160ms] GC(7) User=0.00s Sys=0.00s Real=0.00s
[2020-12-09T11:59:25.935+0300][323160ms] GC(7) Concurrent Cleanup for Next Mark
[2020-12-09T11:59:25.942+0300][323167ms] GC(7) Concurrent Cleanup for Next Mark 6.817ms
[2020-12-09T11:59:25.942+0300][323167ms] GC(7) Concurrent Cycle 64.635ms
[2020-12-09T12:22:32.280+0300][1709505ms] GC(8) Pause Young (Normal) (G1 Evacuation Pause)
[2020-12-09T12:22:32.281+0300][1709506ms] GC(8) Using 10 workers of 10 for evacuation
[2020-12-09T12:22:32.287+0300][1709512ms] GC(8)   Pre Evacuate Collection Set: 0.0ms
[2020-12-09T12:22:32.287+0300][1709512ms] GC(8)   Evacuate Collection Set: 5.1ms
[2020-12-09T12:22:32.287+0300][1709512ms] GC(8)   Post Evacuate Collection Set: 0.9ms
[2020-12-09T12:22:32.287+0300][1709512ms] GC(8)   Other: 0.6ms
[2020-12-09T12:22:32.287+0300][1709512ms] GC(8) Eden regions: 371->0(433)
[2020-12-09T12:22:32.287+0300][1709512ms] GC(8) Survivor regions: 12->12(48)
[2020-12-09T12:22:32.287+0300][1709512ms] GC(8) Old regions: 44->44
[2020-12-09T12:22:32.287+0300][1709512ms] GC(8) Humongous regions: 18->18
[2020-12-09T12:22:32.287+0300][1709512ms] GC(8) Metaspace: 103799K->103799K(352256K)
[2020-12-09T12:22:32.287+0300][1709512ms] GC(8) Pause Young (Normal) (G1 Evacuation Pause) 444M->73M(1304M) 6.691ms
[2020-12-09T12:22:32.287+0300][1709512ms] GC(8) User=0.04s Sys=0.01s Real=0.00s
[2020-12-09T12:48:51.149+0300][3288374ms] GC(9) Pause Young (Normal) (G1 Evacuation Pause)
[2020-12-09T12:48:51.149+0300][3288374ms] GC(9) Using 10 workers of 10 for evacuation
[2020-12-09T12:48:51.156+0300][3288381ms] GC(9)   Pre Evacuate Collection Set: 0.0ms
[2020-12-09T12:48:51.156+0300][3288381ms] GC(9)   Evacuate Collection Set: 5.1ms
[2020-12-09T12:48:51.156+0300][3288381ms] GC(9)   Post Evacuate Collection Set: 1.0ms
[2020-12-09T12:48:51.156+0300][3288381ms] GC(9)   Other: 1.0ms
[2020-12-09T12:48:51.156+0300][3288381ms] GC(9) Eden regions: 433->0(771)
[2020-12-09T12:48:51.156+0300][3288381ms] GC(9) Survivor regions: 12->11(56)
[2020-12-09T12:48:51.156+0300][3288381ms] GC(9) Old regions: 44->44
[2020-12-09T12:48:51.156+0300][3288381ms] GC(9) Humongous regions: 18->18
[2020-12-09T12:48:51.156+0300][3288381ms] GC(9) Metaspace: 104032K->104032K(352256K)
[2020-12-09T12:48:51.156+0300][3288381ms] GC(9) Pause Young (Normal) (G1 Evacuation Pause) 506M->72M(1304M) 7.256ms
[2020-12-09T12:48:51.157+0300][3288382ms] GC(9) User=0.04s Sys=0.02s Real=0.01s
[2020-12-09T13:33:40.006+0300][5977231ms] GC(10) Pause Young (Normal) (G1 Evacuation Pause)
[2020-12-09T13:33:40.007+0300][5977232ms] GC(10) Using 10 workers of 10 for evacuation
[2020-12-09T13:33:40.014+0300][5977239ms] GC(10)   Pre Evacuate Collection Set: 0.0ms
[2020-12-09T13:33:40.015+0300][5977240ms] GC(10)   Evacuate Collection Set: 5.8ms
[2020-12-09T13:33:40.015+0300][5977240ms] GC(10)   Post Evacuate Collection Set: 1.4ms
[2020-12-09T13:33:40.015+0300][5977240ms] GC(10)   Other: 1.2ms
[2020-12-09T13:33:40.015+0300][5977240ms] GC(10) Eden regions: 771->0(771)
[2020-12-09T13:33:40.015+0300][5977240ms] GC(10) Survivor regions: 11->11(98)
[2020-12-09T13:33:40.015+0300][5977240ms] GC(10) Old regions: 44->44
[2020-12-09T13:33:40.015+0300][5977240ms] GC(10) Humongous regions: 18->18
[2020-12-09T13:33:40.015+0300][5977240ms] GC(10) Metaspace: 104199K->104199K(352256K)
[2020-12-09T13:33:40.015+0300][5977240ms] GC(10) Pause Young (Normal) (G1 Evacuation Pause) 843M->71M(1304M) 8.476ms
[2020-12-09T13:33:40.015+0300][5977240ms] GC(10) User=0.04s Sys=0.02s Real=0.01s
[2020-12-09T14:02:51.753+0300][7728978ms] Heap
[2020-12-09T14:02:51.753+0300][7728978ms]  garbage-first heap   total 1335296K, used 786292K [0x00000007ae800000, 0x0000000800000000)
[2020-12-09T14:02:51.753+0300][7728978ms]   region size 1024K, 675 young (691200K), 11 survivors (11264K)
[2020-12-09T14:02:51.753+0300][7728978ms]  Metaspace       used 105198K, capacity 115010K, committed 115300K, reserved 354304K
[2020-12-09T14:02:51.753+0300][7728978ms]   class space    used 12823K, capacity 16140K, committed 16256K, reserved 253952K
