[2020-12-09T14:02:59.255+0300][12ms] Heap region size: 1M
[2020-12-09T14:02:59.268+0300][25ms] Using G1
[2020-12-09T14:02:59.268+0300][25ms] Heap address: 0x00000007ae800000, size: 1304 MB, Compressed Oops mode: Zero based, Oop shift amount: 3
[2020-12-09T14:03:00.535+0300][1292ms] GC(0) Pause Young (Normal) (G1 Evacuation Pause)
[2020-12-09T14:03:00.536+0300][1293ms] GC(0) Using 10 workers of 10 for evacuation
[2020-12-09T14:03:00.546+0300][1303ms] GC(0)   Pre Evacuate Collection Set: 0.0ms
[2020-12-09T14:03:00.546+0300][1303ms] GC(0)   Evacuate Collection Set: 8.3ms
[2020-12-09T14:03:00.546+0300][1303ms] GC(0)   Post Evacuate Collection Set: 1.2ms
[2020-12-09T14:03:00.546+0300][1303ms] GC(0)   Other: 0.7ms
[2020-12-09T14:03:00.546+0300][1303ms] GC(0) Eden regions: 65->0(56)
[2020-12-09T14:03:00.546+0300][1303ms] GC(0) Survivor regions: 0->9(9)
[2020-12-09T14:03:00.546+0300][1303ms] GC(0) Old regions: 0->0
[2020-12-09T14:03:00.546+0300][1303ms] GC(0) Humongous regions: 0->0
[2020-12-09T14:03:00.546+0300][1303ms] GC(0) Metaspace: 26518K->26518K(280576K)
[2020-12-09T14:03:00.546+0300][1303ms] GC(0) Pause Young (Normal) (G1 Evacuation Pause) 65M->8M(1304M) 10.394ms
[2020-12-09T14:03:00.546+0300][1303ms] GC(0) User=0.08s Sys=0.02s Real=0.01s
[2020-12-09T14:03:00.627+0300][1384ms] GC(1) Pause Young (Normal) (GCLocker Initiated GC)
[2020-12-09T14:03:00.627+0300][1384ms] GC(1) Using 10 workers of 10 for evacuation
[2020-12-09T14:03:00.639+0300][1396ms] GC(1)   Pre Evacuate Collection Set: 0.0ms
[2020-12-09T14:03:00.639+0300][1396ms] GC(1)   Evacuate Collection Set: 10.2ms
[2020-12-09T14:03:00.639+0300][1396ms] GC(1)   Post Evacuate Collection Set: 0.9ms
[2020-12-09T14:03:00.639+0300][1396ms] GC(1)   Other: 0.2ms
[2020-12-09T14:03:00.639+0300][1396ms] GC(1) Eden regions: 57->0(65)
[2020-12-09T14:03:00.639+0300][1396ms] GC(1) Survivor regions: 9->9(9)
[2020-12-09T14:03:00.639+0300][1396ms] GC(1) Old regions: 0->9
[2020-12-09T14:03:00.639+0300][1396ms] GC(1) Humongous regions: 1->1
[2020-12-09T14:03:00.639+0300][1396ms] GC(1) Metaspace: 27411K->27411K(280576K)
[2020-12-09T14:03:00.639+0300][1396ms] GC(1) Pause Young (Normal) (GCLocker Initiated GC) 66M->18M(1304M) 11.505ms
[2020-12-09T14:03:00.639+0300][1396ms] GC(1) User=0.09s Sys=0.02s Real=0.01s
[2020-12-09T14:03:00.696+0300][1453ms] GC(2) Pause Young (Normal) (GCLocker Initiated GC)
[2020-12-09T14:03:00.696+0300][1453ms] GC(2) Using 10 workers of 10 for evacuation
[2020-12-09T14:03:00.701+0300][1458ms] GC(2)   Pre Evacuate Collection Set: 0.0ms
[2020-12-09T14:03:00.701+0300][1458ms] GC(2)   Evacuate Collection Set: 4.3ms
[2020-12-09T14:03:00.701+0300][1458ms] GC(2)   Post Evacuate Collection Set: 0.4ms
[2020-12-09T14:03:00.701+0300][1458ms] GC(2)   Other: 0.2ms
[2020-12-09T14:03:00.701+0300][1458ms] GC(2) Eden regions: 66->0(114)
[2020-12-09T14:03:00.701+0300][1458ms] GC(2) Survivor regions: 9->4(10)
[2020-12-09T14:03:00.701+0300][1458ms] GC(2) Old regions: 9->16
[2020-12-09T14:03:00.701+0300][1458ms] GC(2) Humongous regions: 1->1
[2020-12-09T14:03:00.701+0300][1458ms] GC(2) Metaspace: 29089K->29089K(282624K)
[2020-12-09T14:03:00.701+0300][1458ms] GC(2) Pause Young (Normal) (GCLocker Initiated GC) 83M->20M(1304M) 4.987ms
[2020-12-09T14:03:00.701+0300][1458ms] GC(2) User=0.03s Sys=0.01s Real=0.01s
[2020-12-09T14:03:01.247+0300][2004ms] GC(3) Pause Young (Normal) (G1 Evacuation Pause)
[2020-12-09T14:03:01.247+0300][2004ms] GC(3) Using 10 workers of 10 for evacuation
[2020-12-09T14:03:01.254+0300][2011ms] GC(3)   Pre Evacuate Collection Set: 0.0ms
[2020-12-09T14:03:01.255+0300][2012ms] GC(3)   Evacuate Collection Set: 6.4ms
[2020-12-09T14:03:01.255+0300][2012ms] GC(3)   Post Evacuate Collection Set: 0.7ms
[2020-12-09T14:03:01.255+0300][2012ms] GC(3)   Other: 0.2ms
[2020-12-09T14:03:01.255+0300][2012ms] GC(3) Eden regions: 114->0(146)
[2020-12-09T14:03:01.255+0300][2012ms] GC(3) Survivor regions: 4->11(15)
[2020-12-09T14:03:01.255+0300][2012ms] GC(3) Old regions: 16->16
[2020-12-09T14:03:01.255+0300][2012ms] GC(3) Humongous regions: 1->1
[2020-12-09T14:03:01.255+0300][2012ms] GC(3) Metaspace: 43460K->43460K(296960K)
[2020-12-09T14:03:01.255+0300][2012ms] GC(3) Pause Young (Normal) (G1 Evacuation Pause) 134M->27M(1304M) 7.522ms
[2020-12-09T14:03:01.255+0300][2012ms] GC(3) User=0.06s Sys=0.01s Real=0.01s
[2020-12-09T14:03:02.083+0300][2840ms] GC(4) Pause Young (Normal) (G1 Evacuation Pause)
[2020-12-09T14:03:02.083+0300][2840ms] GC(4) Using 10 workers of 10 for evacuation
[2020-12-09T14:03:02.100+0300][2857ms] GC(4)   Pre Evacuate Collection Set: 0.0ms
[2020-12-09T14:03:02.101+0300][2858ms] GC(4)   Evacuate Collection Set: 15.1ms
[2020-12-09T14:03:02.101+0300][2858ms] GC(4)   Post Evacuate Collection Set: 2.2ms
[2020-12-09T14:03:02.101+0300][2858ms] GC(4)   Other: 0.3ms
[2020-12-09T14:03:02.101+0300][2858ms] GC(4) Eden regions: 145->0(175)
[2020-12-09T14:03:02.101+0300][2858ms] GC(4) Survivor regions: 11->20(20)
[2020-12-09T14:03:02.101+0300][2858ms] GC(4) Old regions: 16->22
[2020-12-09T14:03:02.101+0300][2858ms] GC(4) Humongous regions: 1->1
[2020-12-09T14:03:02.101+0300][2858ms] GC(4) Metaspace: 71117K->71117K(323584K)
[2020-12-09T14:03:02.101+0300][2858ms] GC(4) Pause Young (Normal) (G1 Evacuation Pause) 172M->42M(1304M) 17.707ms
[2020-12-09T14:03:02.101+0300][2858ms] GC(4) User=0.14s Sys=0.03s Real=0.02s
[2020-12-09T14:03:05.438+0300][6195ms] GC(5) Pause Young (Normal) (G1 Evacuation Pause)
[2020-12-09T14:03:05.438+0300][6195ms] GC(5) Using 10 workers of 10 for evacuation
[2020-12-09T14:03:05.452+0300][6209ms] GC(5)   Pre Evacuate Collection Set: 0.0ms
[2020-12-09T14:03:05.452+0300][6209ms] GC(5)   Evacuate Collection Set: 13.1ms
[2020-12-09T14:03:05.452+0300][6209ms] GC(5)   Post Evacuate Collection Set: 0.9ms
[2020-12-09T14:03:05.452+0300][6209ms] GC(5)   Other: 0.2ms
[2020-12-09T14:03:05.452+0300][6209ms] GC(5) Eden regions: 45->0(133)
[2020-12-09T14:03:05.452+0300][6209ms] GC(5) Survivor regions: 20->6(9)
[2020-12-09T14:03:05.452+0300][6209ms] GC(5) Old regions: 22->42
[2020-12-09T14:03:05.452+0300][6209ms] GC(5) Humongous regions: 1->1
[2020-12-09T14:03:05.452+0300][6209ms] GC(5) Metaspace: 77798K->77798K(329728K)
[2020-12-09T14:03:05.452+0300][6209ms] GC(5) Pause Young (Normal) (G1 Evacuation Pause) 87M->47M(1304M) 14.314ms
[2020-12-09T14:03:05.452+0300][6209ms] GC(5) User=0.12s Sys=0.02s Real=0.02s
[2020-12-09T14:03:05.750+0300][6507ms] GC(6) Pause Young (Concurrent Start) (Metadata GC Threshold)
[2020-12-09T14:03:05.750+0300][6507ms] GC(6) Using 10 workers of 10 for evacuation
[2020-12-09T14:03:05.755+0300][6512ms] GC(6)   Pre Evacuate Collection Set: 0.2ms
[2020-12-09T14:03:05.755+0300][6512ms] GC(6)   Evacuate Collection Set: 3.9ms
[2020-12-09T14:03:05.755+0300][6512ms] GC(6)   Post Evacuate Collection Set: 0.6ms
[2020-12-09T14:03:05.755+0300][6512ms] GC(6)   Other: 0.4ms
[2020-12-09T14:03:05.755+0300][6512ms] GC(6) Eden regions: 34->0(172)
[2020-12-09T14:03:05.755+0300][6512ms] GC(6) Survivor regions: 6->8(18)
[2020-12-09T14:03:05.755+0300][6512ms] GC(6) Old regions: 42->42
[2020-12-09T14:03:05.755+0300][6512ms] GC(6) Humongous regions: 1->1
[2020-12-09T14:03:05.755+0300][6512ms] GC(6) Metaspace: 89062K->89062K(339968K)
[2020-12-09T14:03:05.755+0300][6512ms] GC(6) Pause Young (Concurrent Start) (Metadata GC Threshold) 81M->49M(1304M) 5.064ms
[2020-12-09T14:03:05.755+0300][6512ms] GC(6) User=0.05s Sys=0.01s Real=0.00s
[2020-12-09T14:03:05.755+0300][6512ms] GC(7) Concurrent Cycle
[2020-12-09T14:03:05.755+0300][6512ms] GC(7) Concurrent Clear Claimed Marks
[2020-12-09T14:03:05.755+0300][6512ms] GC(7) Concurrent Clear Claimed Marks 0.116ms
[2020-12-09T14:03:05.755+0300][6512ms] GC(7) Concurrent Scan Root Regions
[2020-12-09T14:03:05.759+0300][6516ms] GC(7) Concurrent Scan Root Regions 3.514ms
[2020-12-09T14:03:05.759+0300][6516ms] GC(7) Concurrent Mark (6.516s)
[2020-12-09T14:03:05.759+0300][6516ms] GC(7) Concurrent Mark From Roots
[2020-12-09T14:03:05.759+0300][6516ms] GC(7) Using 3 workers of 3 for marking
[2020-12-09T14:03:05.788+0300][6545ms] GC(7) Concurrent Mark From Roots 28.735ms
[2020-12-09T14:03:05.788+0300][6545ms] GC(7) Concurrent Preclean
[2020-12-09T14:03:05.788+0300][6545ms] GC(7) Concurrent Preclean 0.235ms
[2020-12-09T14:03:05.788+0300][6545ms] GC(7) Concurrent Mark (6.516s, 6.545s) 29.065ms
[2020-12-09T14:03:05.788+0300][6545ms] GC(7) Pause Remark
[2020-12-09T14:03:05.799+0300][6556ms] GC(7) Cleaned string and symbol table, strings: 42070 processed, 92 removed, symbols: 239628 processed, 250 removed
[2020-12-09T14:03:05.799+0300][6556ms] GC(7) Pause Remark 52M->52M(1304M) 10.786ms
[2020-12-09T14:03:05.799+0300][6556ms] GC(7) User=0.07s Sys=0.00s Real=0.01s
[2020-12-09T14:03:05.799+0300][6556ms] GC(7) Concurrent Rebuild Remembered Sets
[2020-12-09T14:03:05.819+0300][6576ms] GC(7) Concurrent Rebuild Remembered Sets 19.455ms
[2020-12-09T14:03:05.820+0300][6577ms] GC(7) Pause Cleanup
[2020-12-09T14:03:05.820+0300][6577ms] GC(7) Pause Cleanup 52M->52M(1304M) 0.184ms
[2020-12-09T14:03:05.820+0300][6577ms] GC(7) User=0.00s Sys=0.00s Real=0.00s
[2020-12-09T14:03:05.820+0300][6577ms] GC(7) Concurrent Cleanup for Next Mark
[2020-12-09T14:03:05.828+0300][6585ms] GC(7) Concurrent Cleanup for Next Mark 7.802ms
[2020-12-09T14:03:05.828+0300][6585ms] GC(7) Concurrent Cycle 72.934ms
[2020-12-09T14:08:53.901+0300][354658ms] GC(8) Pause Young (Concurrent Start) (G1 Evacuation Pause)
[2020-12-09T14:08:53.901+0300][354658ms] GC(8) Using 10 workers of 10 for evacuation
[2020-12-09T14:08:53.915+0300][354672ms] GC(8)   Pre Evacuate Collection Set: 0.3ms
[2020-12-09T14:08:53.915+0300][354672ms] GC(8)   Evacuate Collection Set: 11.9ms
[2020-12-09T14:08:53.915+0300][354672ms] GC(8)   Post Evacuate Collection Set: 1.2ms
[2020-12-09T14:08:53.915+0300][354672ms] GC(8)   Other: 0.5ms
[2020-12-09T14:08:53.915+0300][354672ms] GC(8) Eden regions: 176->0(283)
[2020-12-09T14:08:53.915+0300][354672ms] GC(8) Survivor regions: 8->16(23)
[2020-12-09T14:08:53.915+0300][354672ms] GC(8) Old regions: 42->42
[2020-12-09T14:08:53.915+0300][354672ms] GC(8) Humongous regions: 18->18
[2020-12-09T14:08:53.915+0300][354672ms] GC(8) Metaspace: 102684K->102684K(352256K)
[2020-12-09T14:08:53.915+0300][354672ms] GC(8) Pause Young (Concurrent Start) (G1 Evacuation Pause) 242M->75M(1304M) 13.965ms
[2020-12-09T14:08:53.915+0300][354672ms] GC(8) User=0.07s Sys=0.01s Real=0.01s
[2020-12-09T14:08:53.915+0300][354672ms] GC(9) Concurrent Cycle
[2020-12-09T14:08:53.915+0300][354673ms] GC(9) Concurrent Clear Claimed Marks
[2020-12-09T14:08:53.916+0300][354673ms] GC(9) Concurrent Clear Claimed Marks 0.177ms
[2020-12-09T14:08:53.916+0300][354673ms] GC(9) Concurrent Scan Root Regions
[2020-12-09T14:08:53.921+0300][354678ms] GC(9) Concurrent Scan Root Regions 5.068ms
[2020-12-09T14:08:53.921+0300][354678ms] GC(9) Concurrent Mark (354.675s)
[2020-12-09T14:08:53.921+0300][354678ms] GC(9) Concurrent Mark From Roots
[2020-12-09T14:08:53.921+0300][354678ms] GC(9) Using 3 workers of 3 for marking
[2020-12-09T14:08:53.942+0300][354699ms] GC(9) Concurrent Mark From Roots 21.364ms
[2020-12-09T14:08:53.942+0300][354699ms] GC(9) Concurrent Preclean
[2020-12-09T14:08:53.942+0300][354699ms] GC(9) Concurrent Preclean 0.166ms
[2020-12-09T14:08:53.942+0300][354699ms] GC(9) Concurrent Mark (354.675s, 354.697s) 21.596ms
[2020-12-09T14:08:53.943+0300][354700ms] GC(9) Pause Remark
[2020-12-09T14:08:53.956+0300][354714ms] GC(9) Cleaned string and symbol table, strings: 47535 processed, 0 removed, symbols: 265199 processed, 56 removed
[2020-12-09T14:08:53.957+0300][354714ms] GC(9) Pause Remark 75M->75M(1304M) 14.354ms
[2020-12-09T14:08:53.957+0300][354714ms] GC(9) User=0.08s Sys=0.00s Real=0.01s
[2020-12-09T14:08:53.957+0300][354714ms] GC(9) Concurrent Rebuild Remembered Sets
[2020-12-09T14:08:53.973+0300][354730ms] GC(9) Concurrent Rebuild Remembered Sets 16.123ms
[2020-12-09T14:08:53.973+0300][354730ms] GC(9) Pause Cleanup
[2020-12-09T14:08:53.974+0300][354731ms] GC(9) Pause Cleanup 75M->75M(1304M) 0.170ms
[2020-12-09T14:08:53.974+0300][354731ms] GC(9) User=0.00s Sys=0.00s Real=0.00s
[2020-12-09T14:08:53.974+0300][354731ms] GC(9) Concurrent Cleanup for Next Mark
[2020-12-09T14:08:53.981+0300][354738ms] GC(9) Concurrent Cleanup for Next Mark 6.977ms
[2020-12-09T14:08:53.981+0300][354738ms] GC(9) Concurrent Cycle 65.178ms
[2020-12-09T14:26:33.291+0300][1414048ms] GC(10) Pause Young (Normal) (G1 Evacuation Pause)
[2020-12-09T14:26:33.291+0300][1414048ms] GC(10) Using 10 workers of 10 for evacuation
[2020-12-09T14:26:33.315+0300][1414072ms] GC(10)   Pre Evacuate Collection Set: 0.0ms
[2020-12-09T14:26:33.315+0300][1414072ms] GC(10)   Evacuate Collection Set: 22.5ms
[2020-12-09T14:26:33.315+0300][1414072ms] GC(10)   Post Evacuate Collection Set: 1.0ms
[2020-12-09T14:26:33.315+0300][1414072ms] GC(10)   Other: 0.5ms
[2020-12-09T14:26:33.315+0300][1414072ms] GC(10) Eden regions: 290->0(512)
[2020-12-09T14:26:33.315+0300][1414072ms] GC(10) Survivor regions: 16->17(39)
[2020-12-09T14:26:33.315+0300][1414072ms] GC(10) Old regions: 42->42
[2020-12-09T14:26:33.315+0300][1414072ms] GC(10) Humongous regions: 18->18
[2020-12-09T14:26:33.315+0300][1414072ms] GC(10) Metaspace: 103310K->103310K(352256K)
[2020-12-09T14:26:33.315+0300][1414072ms] GC(10) Pause Young (Normal) (G1 Evacuation Pause) 365M->75M(1304M) 24.264ms
[2020-12-09T14:26:33.315+0300][1414072ms] GC(10) User=0.07s Sys=0.10s Real=0.02s
[2020-12-09T14:55:34.203+0300][3154960ms] GC(11) Pause Young (Normal) (G1 Evacuation Pause)
[2020-12-09T14:55:34.204+0300][3154961ms] GC(11) Using 10 workers of 10 for evacuation
[2020-12-09T14:55:34.225+0300][3154982ms] GC(11)   Pre Evacuate Collection Set: 0.0ms
[2020-12-09T14:55:34.225+0300][3154982ms] GC(11)   Evacuate Collection Set: 20.1ms
[2020-12-09T14:55:34.225+0300][3154982ms] GC(11)   Post Evacuate Collection Set: 1.2ms
[2020-12-09T14:55:34.225+0300][3154982ms] GC(11)   Other: 1.2ms
[2020-12-09T14:55:34.225+0300][3154982ms] GC(11) Eden regions: 512->0(762)
[2020-12-09T14:55:34.225+0300][3154982ms] GC(11) Survivor regions: 17->20(67)
[2020-12-09T14:55:34.225+0300][3154982ms] GC(11) Old regions: 42->42
[2020-12-09T14:55:34.225+0300][3154982ms] GC(11) Humongous regions: 18->18
[2020-12-09T14:55:34.225+0300][3154982ms] GC(11) Metaspace: 104070K->104070K(352256K)
[2020-12-09T14:55:34.225+0300][3154982ms] GC(11) Pause Young (Normal) (G1 Evacuation Pause) 587M->78M(1304M) 22.634ms
[2020-12-09T14:55:34.225+0300][3154982ms] GC(11) User=0.06s Sys=0.08s Real=0.02s
[2020-12-09T15:38:45.945+0300][5746702ms] GC(12) Pause Young (Normal) (G1 Evacuation Pause)
[2020-12-09T15:38:45.945+0300][5746702ms] GC(12) Using 10 workers of 10 for evacuation
[2020-12-09T15:38:46.010+0300][5746767ms] GC(12)   Pre Evacuate Collection Set: 0.8ms
[2020-12-09T15:38:46.011+0300][5746768ms] GC(12)   Evacuate Collection Set: 57.0ms
[2020-12-09T15:38:46.011+0300][5746768ms] GC(12)   Post Evacuate Collection Set: 6.8ms
[2020-12-09T15:38:46.011+0300][5746768ms] GC(12)   Other: 1.0ms
[2020-12-09T15:38:46.011+0300][5746768ms] GC(12) Eden regions: 762->0(757)
[2020-12-09T15:38:46.011+0300][5746768ms] GC(12) Survivor regions: 20->25(98)
[2020-12-09T15:38:46.011+0300][5746768ms] GC(12) Old regions: 42->42
[2020-12-09T15:38:46.011+0300][5746768ms] GC(12) Humongous regions: 18->18
[2020-12-09T15:38:46.011+0300][5746768ms] GC(12) Metaspace: 104321K->104321K(352256K)
[2020-12-09T15:38:46.011+0300][5746768ms] GC(12) Pause Young (Normal) (G1 Evacuation Pause) 840M->84M(1304M) 65.757ms
[2020-12-09T15:38:46.011+0300][5746768ms] GC(12) User=0.11s Sys=0.12s Real=0.07s
[2020-12-09T16:17:08.033+0300][8048790ms] GC(13) Pause Young (Normal) (G1 Evacuation Pause)
[2020-12-09T16:17:08.034+0300][8048791ms] GC(13) Using 10 workers of 10 for evacuation
[2020-12-09T16:17:08.085+0300][8048842ms] GC(13)   Pre Evacuate Collection Set: 0.0ms
[2020-12-09T16:17:08.085+0300][8048842ms] GC(13)   Evacuate Collection Set: 49.7ms
[2020-12-09T16:17:08.085+0300][8048842ms] GC(13)   Post Evacuate Collection Set: 1.1ms
[2020-12-09T16:17:08.085+0300][8048842ms] GC(13)   Other: 1.1ms
[2020-12-09T16:17:08.085+0300][8048842ms] GC(13) Eden regions: 757->0(751)
[2020-12-09T16:17:08.085+0300][8048842ms] GC(13) Survivor regions: 25->31(98)
[2020-12-09T16:17:08.085+0300][8048842ms] GC(13) Old regions: 42->42
[2020-12-09T16:17:08.085+0300][8048842ms] GC(13) Humongous regions: 18->18
[2020-12-09T16:17:08.085+0300][8048842ms] GC(13) Metaspace: 104492K->104492K(352256K)
[2020-12-09T16:17:08.085+0300][8048842ms] GC(13) Pause Young (Normal) (G1 Evacuation Pause) 841M->90M(1304M) 52.029ms
[2020-12-09T16:17:08.086+0300][8048843ms] GC(13) User=0.07s Sys=0.21s Real=0.05s
[2020-12-09T16:54:56.021+0300][10316778ms] GC(14) Pause Young (Normal) (G1 Evacuation Pause)
[2020-12-09T16:54:56.022+0300][10316779ms] GC(14) Using 10 workers of 10 for evacuation
[2020-12-09T16:54:56.037+0300][10316794ms] GC(14)   Pre Evacuate Collection Set: 0.1ms
[2020-12-09T16:54:56.037+0300][10316794ms] GC(14)   Evacuate Collection Set: 12.9ms
[2020-12-09T16:54:56.037+0300][10316794ms] GC(14)   Post Evacuate Collection Set: 1.6ms
[2020-12-09T16:54:56.037+0300][10316794ms] GC(14)   Other: 1.3ms
[2020-12-09T16:54:56.037+0300][10316794ms] GC(14) Eden regions: 751->0(750)
[2020-12-09T16:54:56.037+0300][10316794ms] GC(14) Survivor regions: 31->32(98)
[2020-12-09T16:54:56.037+0300][10316794ms] GC(14) Old regions: 42->42
[2020-12-09T16:54:56.037+0300][10316794ms] GC(14) Humongous regions: 18->18
[2020-12-09T16:54:56.037+0300][10316794ms] GC(14) Metaspace: 104521K->104521K(352256K)
[2020-12-09T16:54:56.037+0300][10316794ms] GC(14) Pause Young (Normal) (G1 Evacuation Pause) 841M->90M(1304M) 15.975ms
[2020-12-09T16:54:56.037+0300][10316794ms] GC(14) User=0.08s Sys=0.02s Real=0.01s
[2020-12-09T17:33:27.071+0300][12627828ms] GC(15) Pause Young (Normal) (G1 Evacuation Pause)
[2020-12-09T17:33:27.072+0300][12627829ms] GC(15) Using 10 workers of 10 for evacuation
[2020-12-09T17:33:27.082+0300][12627839ms] GC(15)   Pre Evacuate Collection Set: 0.0ms
[2020-12-09T17:33:27.082+0300][12627839ms] GC(15)   Evacuate Collection Set: 8.7ms
[2020-12-09T17:33:27.082+0300][12627839ms] GC(15)   Post Evacuate Collection Set: 1.3ms
[2020-12-09T17:33:27.082+0300][12627839ms] GC(15)   Other: 1.1ms
[2020-12-09T17:33:27.082+0300][12627839ms] GC(15) Eden regions: 750->0(751)
[2020-12-09T17:33:27.082+0300][12627839ms] GC(15) Survivor regions: 32->31(98)
[2020-12-09T17:33:27.082+0300][12627839ms] GC(15) Old regions: 42->42
[2020-12-09T17:33:27.082+0300][12627839ms] GC(15) Humongous regions: 18->18
[2020-12-09T17:33:27.082+0300][12627839ms] GC(15) Metaspace: 104556K->104556K(354304K)
[2020-12-09T17:33:27.082+0300][12627839ms] GC(15) Pause Young (Normal) (G1 Evacuation Pause) 840M->90M(1304M) 11.240ms
[2020-12-09T17:33:27.082+0300][12627839ms] GC(15) User=0.09s Sys=0.00s Real=0.01s
[2020-12-09T18:11:22.485+0300][14903242ms] GC(16) Pause Young (Normal) (G1 Evacuation Pause)
[2020-12-09T18:11:22.485+0300][14903242ms] GC(16) Using 10 workers of 10 for evacuation
[2020-12-09T18:11:22.497+0300][14903254ms] GC(16)   Pre Evacuate Collection Set: 0.0ms
[2020-12-09T18:11:22.497+0300][14903254ms] GC(16)   Evacuate Collection Set: 9.9ms
[2020-12-09T18:11:22.497+0300][14903254ms] GC(16)   Post Evacuate Collection Set: 1.4ms
[2020-12-09T18:11:22.497+0300][14903254ms] GC(16)   Other: 1.4ms
[2020-12-09T18:11:22.497+0300][14903254ms] GC(16) Eden regions: 751->0(752)
[2020-12-09T18:11:22.497+0300][14903254ms] GC(16) Survivor regions: 31->30(98)
[2020-12-09T18:11:22.497+0300][14903254ms] GC(16) Old regions: 42->42
[2020-12-09T18:11:22.497+0300][14903254ms] GC(16) Humongous regions: 18->18
[2020-12-09T18:11:22.497+0300][14903254ms] GC(16) Metaspace: 104588K->104588K(354304K)
[2020-12-09T18:11:22.497+0300][14903254ms] GC(16) Pause Young (Normal) (G1 Evacuation Pause) 841M->89M(1304M) 12.779ms
[2020-12-09T18:11:22.497+0300][14903254ms] GC(16) User=0.10s Sys=0.00s Real=0.01s
[2020-12-09T18:49:19.387+0300][17180144ms] GC(17) Pause Young (Normal) (G1 Evacuation Pause)
[2020-12-09T18:49:19.387+0300][17180144ms] GC(17) Using 10 workers of 10 for evacuation
[2020-12-09T18:49:19.395+0300][17180152ms] GC(17)   Pre Evacuate Collection Set: 0.0ms
[2020-12-09T18:49:19.395+0300][17180152ms] GC(17)   Evacuate Collection Set: 6.3ms
[2020-12-09T18:49:19.395+0300][17180152ms] GC(17)   Post Evacuate Collection Set: 1.2ms
[2020-12-09T18:49:19.395+0300][17180152ms] GC(17)   Other: 1.2ms
[2020-12-09T18:49:19.395+0300][17180152ms] GC(17) Eden regions: 752->0(752)
[2020-12-09T18:49:19.395+0300][17180152ms] GC(17) Survivor regions: 30->30(98)
[2020-12-09T18:49:19.395+0300][17180152ms] GC(17) Old regions: 42->42
[2020-12-09T18:49:19.395+0300][17180152ms] GC(17) Humongous regions: 18->18
[2020-12-09T18:49:19.395+0300][17180152ms] GC(17) Metaspace: 104619K->104619K(354304K)
[2020-12-09T18:49:19.395+0300][17180152ms] GC(17) Pause Young (Normal) (G1 Evacuation Pause) 841M->89M(1304M) 8.872ms
[2020-12-09T18:49:19.395+0300][17180152ms] GC(17) User=0.07s Sys=0.01s Real=0.01s
[2020-12-09T19:27:26.423+0300][19467181ms] GC(18) Pause Young (Normal) (G1 Evacuation Pause)
[2020-12-09T19:27:26.425+0300][19467182ms] GC(18) Using 10 workers of 10 for evacuation
[2020-12-09T19:27:26.450+0300][19467207ms] GC(18)   Pre Evacuate Collection Set: 0.5ms
[2020-12-09T19:27:26.450+0300][19467207ms] GC(18)   Evacuate Collection Set: 22.6ms
[2020-12-09T19:27:26.450+0300][19467207ms] GC(18)   Post Evacuate Collection Set: 2.1ms
[2020-12-09T19:27:26.450+0300][19467207ms] GC(18)   Other: 1.7ms
[2020-12-09T19:27:26.450+0300][19467207ms] GC(18) Eden regions: 752->0(751)
[2020-12-09T19:27:26.450+0300][19467207ms] GC(18) Survivor regions: 30->31(98)
[2020-12-09T19:27:26.450+0300][19467207ms] GC(18) Old regions: 42->42
[2020-12-09T19:27:26.450+0300][19467207ms] GC(18) Humongous regions: 18->18
[2020-12-09T19:27:26.450+0300][19467207ms] GC(18) Metaspace: 104624K->104624K(354304K)
[2020-12-09T19:27:26.451+0300][19467208ms] GC(18) Pause Young (Normal) (G1 Evacuation Pause) 841M->90M(1304M) 27.014ms
[2020-12-09T19:27:26.451+0300][19467208ms] GC(18) User=0.09s Sys=0.09s Real=0.03s
[2020-12-10T00:22:59.963+0300][37200720ms] GC(19) Pause Young (Normal) (G1 Evacuation Pause)
[2020-12-10T00:22:59.964+0300][37200721ms] GC(19) Using 10 workers of 10 for evacuation
[2020-12-10T00:23:00.041+0300][37200798ms] GC(19)   Pre Evacuate Collection Set: 0.8ms
[2020-12-10T00:23:00.041+0300][37200798ms] GC(19)   Evacuate Collection Set: 68.2ms
[2020-12-10T00:23:00.041+0300][37200798ms] GC(19)   Post Evacuate Collection Set: 5.7ms
[2020-12-10T00:23:00.041+0300][37200798ms] GC(19)   Other: 5.1ms
[2020-12-10T00:23:00.042+0300][37200799ms] GC(19) Eden regions: 751->0(751)
[2020-12-10T00:23:00.042+0300][37200799ms] GC(19) Survivor regions: 31->31(98)
[2020-12-10T00:23:00.042+0300][37200799ms] GC(19) Old regions: 42->42
[2020-12-10T00:23:00.042+0300][37200799ms] GC(19) Humongous regions: 18->18
[2020-12-10T00:23:00.042+0300][37200799ms] GC(19) Metaspace: 104778K->104778K(354304K)
[2020-12-10T00:23:00.042+0300][37200799ms] GC(19) Pause Young (Normal) (G1 Evacuation Pause) 841M->89M(1304M) 79.651ms
[2020-12-10T00:23:00.042+0300][37200799ms] GC(19) User=0.14s Sys=0.33s Real=0.08s
[2020-12-10T01:17:09.138+0300][40449895ms] GC(20) Pause Young (Normal) (G1 Evacuation Pause)
[2020-12-10T01:17:09.138+0300][40449895ms] GC(20) Using 10 workers of 10 for evacuation
[2020-12-10T01:17:09.150+0300][40449907ms] GC(20)   Pre Evacuate Collection Set: 0.1ms
[2020-12-10T01:17:09.150+0300][40449907ms] GC(20)   Evacuate Collection Set: 10.0ms
[2020-12-10T01:17:09.150+0300][40449907ms] GC(20)   Post Evacuate Collection Set: 1.4ms
[2020-12-10T01:17:09.150+0300][40449907ms] GC(20)   Other: 0.7ms
[2020-12-10T01:17:09.150+0300][40449907ms] GC(20) Eden regions: 751->0(751)
[2020-12-10T01:17:09.150+0300][40449907ms] GC(20) Survivor regions: 31->31(98)
[2020-12-10T01:17:09.150+0300][40449907ms] GC(20) Old regions: 42->42
[2020-12-10T01:17:09.150+0300][40449907ms] GC(20) Humongous regions: 18->18
[2020-12-10T01:17:09.150+0300][40449907ms] GC(20) Metaspace: 104810K->104810K(354304K)
[2020-12-10T01:17:09.150+0300][40449907ms] GC(20) Pause Young (Normal) (G1 Evacuation Pause) 840M->89M(1304M) 12.310ms
[2020-12-10T01:17:09.150+0300][40449907ms] GC(20) User=0.10s Sys=0.01s Real=0.02s
[2020-12-10T10:52:06.807+0300][74947564ms] GC(21) Pause Young (Normal) (G1 Evacuation Pause)
[2020-12-10T10:52:06.808+0300][74947565ms] GC(21) Using 10 workers of 10 for evacuation
[2020-12-10T10:52:06.823+0300][74947580ms] GC(21)   Pre Evacuate Collection Set: 0.1ms
[2020-12-10T10:52:06.823+0300][74947580ms] GC(21)   Evacuate Collection Set: 12.8ms
[2020-12-10T10:52:06.823+0300][74947580ms] GC(21)   Post Evacuate Collection Set: 1.6ms
[2020-12-10T10:52:06.823+0300][74947580ms] GC(21)   Other: 1.2ms
[2020-12-10T10:52:06.823+0300][74947580ms] GC(21) Eden regions: 751->0(747)
[2020-12-10T10:52:06.823+0300][74947580ms] GC(21) Survivor regions: 31->35(98)
[2020-12-10T10:52:06.823+0300][74947580ms] GC(21) Old regions: 42->42
[2020-12-10T10:52:06.823+0300][74947580ms] GC(21) Humongous regions: 18->18
[2020-12-10T10:52:06.823+0300][74947580ms] GC(21) Metaspace: 104839K->104839K(354304K)
[2020-12-10T10:52:06.823+0300][74947580ms] GC(21) Pause Young (Normal) (G1 Evacuation Pause) 840M->94M(1304M) 15.784ms
[2020-12-10T10:52:06.823+0300][74947580ms] GC(21) User=0.10s Sys=0.03s Real=0.02s
[2020-12-10T11:42:45.533+0300][77986290ms] GC(22) Pause Young (Normal) (G1 Evacuation Pause)
[2020-12-10T11:42:45.534+0300][77986291ms] GC(22) Using 10 workers of 10 for evacuation
[2020-12-10T11:42:45.549+0300][77986306ms] GC(22)   Pre Evacuate Collection Set: 0.1ms
[2020-12-10T11:42:45.549+0300][77986306ms] GC(22)   Evacuate Collection Set: 12.9ms
[2020-12-10T11:42:45.549+0300][77986306ms] GC(22)   Post Evacuate Collection Set: 1.5ms
[2020-12-10T11:42:45.549+0300][77986306ms] GC(22)   Other: 1.5ms
[2020-12-10T11:42:45.549+0300][77986306ms] GC(22) Eden regions: 747->0(756)
[2020-12-10T11:42:45.549+0300][77986306ms] GC(22) Survivor regions: 35->26(98)
[2020-12-10T11:42:45.549+0300][77986306ms] GC(22) Old regions: 42->45
[2020-12-10T11:42:45.549+0300][77986306ms] GC(22) Humongous regions: 18->18
[2020-12-10T11:42:45.549+0300][77986306ms] GC(22) Metaspace: 104848K->104848K(354304K)
[2020-12-10T11:42:45.549+0300][77986306ms] GC(22) Pause Young (Normal) (G1 Evacuation Pause) 841M->88M(1304M) 15.970ms
[2020-12-10T11:42:45.549+0300][77986306ms] GC(22) User=0.10s Sys=0.03s Real=0.01s
[2020-12-10T14:46:14.505+0300][88995262ms] GC(23) Pause Young (Normal) (G1 Evacuation Pause)
[2020-12-10T14:46:14.505+0300][88995262ms] GC(23) Using 10 workers of 10 for evacuation
[2020-12-10T14:46:14.558+0300][88995315ms] GC(23)   Pre Evacuate Collection Set: 0.7ms
[2020-12-10T14:46:14.558+0300][88995315ms] GC(23)   Evacuate Collection Set: 48.7ms
[2020-12-10T14:46:14.559+0300][88995316ms] GC(23)   Post Evacuate Collection Set: 3.2ms
[2020-12-10T14:46:14.559+0300][88995316ms] GC(23)   Other: 1.2ms
[2020-12-10T14:46:14.559+0300][88995316ms] GC(23) Eden regions: 756->0(757)
[2020-12-10T14:46:14.559+0300][88995316ms] GC(23) Survivor regions: 26->25(98)
[2020-12-10T14:46:14.559+0300][88995316ms] GC(23) Old regions: 45->48
[2020-12-10T14:46:14.559+0300][88995316ms] GC(23) Humongous regions: 18->18
[2020-12-10T14:46:14.559+0300][88995316ms] GC(23) Metaspace: 104986K->104986K(354304K)
[2020-12-10T14:46:14.559+0300][88995316ms] GC(23) Pause Young (Normal) (G1 Evacuation Pause) 844M->90M(1304M) 53.840ms
[2020-12-10T14:46:14.559+0300][88995316ms] GC(23) User=0.10s Sys=0.26s Real=0.05s
[2020-12-10T15:09:28.737+0300][90389494ms] Heap
[2020-12-10T15:09:28.738+0300][90389495ms]  garbage-first heap   total 1335296K, used 232620K [0x00000007ae800000, 0x0000000800000000)
[2020-12-10T15:09:28.738+0300][90389495ms]   region size 1024K, 146 young (149504K), 25 survivors (25600K)
[2020-12-10T15:09:28.738+0300][90389495ms]  Metaspace       used 105446K, capacity 115133K, committed 115328K, reserved 354304K
[2020-12-10T15:09:28.738+0300][90389495ms]   class space    used 12852K, capacity 16186K, committed 16256K, reserved 253952K
